// Jest Snapshot v1, https://goo.gl/fbAQLP

exports[`PlayFillInTheBlankQuestion component should render 1`] = `
<div
  className="student-container-inner-diagnostic"
>
  <div
    style={
      Object {
        "display": "flex",
      }
    }
  >
    <div>
      <prompt
        elements={
          Array [
            <span
              style={
                  Object {
                      "marginRight": 10,
                    }
              }
          >
              I have 
          </span>,
            <span>
              <div
                  style={
                      Object {
                          "height": 0,
                          "position": "relative",
                          "width": 0,
                        }
                  }
              />
              <input
                  id="input0"
                  onBlur={[Function]}
                  onChange={[Function]}
                  style={
                      Object {
                          "borderImageSlice": 1,
                          "borderImageSource": "linear-gradient(to bottom, rgba(255, 255, 255, 0.2), rgba(255, 255, 255, 0.1) 5%, rgba(255, 255, 255, 0) 20%, rgba(255, 255, 255, 0))",
                          "borderStyle": "solid",
                          "borderWidth": 1,
                          "boxShadow": "0 2px 2px 0 rgba(0, 0, 0, 0.24), 0 0 2px 0 rgba(0, 0, 0, 0.12)",
                          "color": "#3D3D3D",
                          "fontSize": 24,
                          "marginRight": 10,
                          "textAlign": "center",
                          "width": 75,
                        }
                  }
                  type="text"
                  value=""
              />
          </span>,
            <span
              style={
                  Object {
                      "marginRight": 10,
                    }
              }
          >
               friend named Marco who loves 
          </span>,
            <span>
              <div
                  style={
                      Object {
                          "height": 0,
                          "position": "relative",
                          "width": 0,
                        }
                  }
              />
              <input
                  id="input1"
                  onBlur={[Function]}
                  onChange={[Function]}
                  style={
                      Object {
                          "borderImageSlice": 1,
                          "borderImageSource": "linear-gradient(to bottom, rgba(255, 255, 255, 0.2), rgba(255, 255, 255, 0.1) 5%, rgba(255, 255, 255, 0) 20%, rgba(255, 255, 255, 0))",
                          "borderStyle": "solid",
                          "borderWidth": 1,
                          "boxShadow": "0 2px 2px 0 rgba(0, 0, 0, 0.24), 0 0 2px 0 rgba(0, 0, 0, 0.12)",
                          "color": "#3D3D3D",
                          "fontSize": 24,
                          "marginRight": 10,
                          "textAlign": "center",
                          "width": 75,
                        }
                  }
                  type="text"
              />
          </span>,
            <span
              style={
                  Object {
                      "marginRight": 10,
                    }
              }
          >
               football.
          </span>,
          ]
        }
        style={
          Object {
            "alignItems": "center",
            "display": "flex",
            "flexWrap": "wrap",
            "fontSize": 24,
            "marginBottom": 18,
            "marginTop": 15,
          }
        }
      />
      <cues
        customText="Add words or leave blank"
        getQuestion={[Function]}
      />
      <instructions
        html="<p>Fill in each blank with a word above. If no word is needed, leave the blank empty</p>"
      />
    </div>
  </div>
  <div
    className="question-button-group button-group"
  >
    <button
      className="button student-submit"
      onClick={[Function]}
    >
      Submit
    </button>
  </div>
</div>
`;
